[1;7;33m home [m[100m syms [m[100m osm/nav [m[100m sys [m[100m                                                                                                                                                     [m[100m keyboard: aw4 [m[7m oryx [m
                 `           1           2           3           4           5                                       6           7           8           9           0      [31m    OSL    [m             
                                                                                                                                                                                                    
            [96m 1 osm/nav [m      Q           W           E           R           T         1 ctl           1 meh         Y           U           I           O           P         caps                 
                                                                                                                                                                                                    
               1 up          A           S           D           F           G           [               ]           H           J           K           L           ;           '                  
                                                                                                                                                                                                    
                 (           Z           X           C           V           B                                       N           M           ,           .           /           )                  
                                                                                                                                                                                                    
                 ←           →         1 ctl       1 opt       1 cmd                                                        [96m 1 osm/nav [m                                        rctl                 
                                                                                                                                                                                                    
                                                                       ↓                                                   ↑                                                                        
                                                                                                                                                                                                    
                                                                spc     [96m   bksp    [m     Tab             Esc     [95m    OSL    [m      ↵                                                                  
                                                                        [90m    MO     [m                                                                                                                 
                                                                                                                                                                                                    
                                                                                                                                                                                                    
                                                                                                                                                                                                    
                                                                                                                                                                                                    
                                                                                                                                                                                                    
                                                                                                                                                                                                    
                                                                                                                                                                                                    
                                                                                                                                                                                                    