[90m╭───────╮[m           [90m┌─[m claude [90m─────────────────────────────────────────────────────────────────────────────────────────────────────────────────────────────────────────────────────────┐[35m╭──────────╮[m
[90m│[36msaf[35m┌─[m safari [35m───────────┐[m                                                                                                                                                             [90m│[35m│[m   [35mhome[m   [35m│[m
[90m╰───[35m│[m                    [35m│[m                                                                                                                                                             [90m│[35m╰──────────╯[m
    [35m│[m Quit               [35m│[m                                                                                                                                                             [90m│╭──────────╮[m
    [35m│[m                    [35m│[m                                                                                                                                                             [90m││[m   hub    [90m│[m
    [35m│[m                    [35m│[m                                                                                                                                                             [90m│╰──────────╯[m
    [35m│[33m Force Quit         [35m│[m                                                                                                                                                             [90m│╭──────────╮[m
    [35m│[m                    [35m│[m                                                                                                                                                             [90m││[m keyboard [90m│[m
    [35m└────────────────────┘[m                                                                                                                                                             [90m│╰──────────╯[m
                    [90m└──────────────────────────────────────────────────────────────────────────────────────────────────────────────────────────────────────────────────────────────────┘[m
                    [90m┌─[m cpu / mem [90m────────────────────────────────────────────────────────────────────┐┌─[m disk [90m─────────────────────────────────────────────────────────────────────────┐[m
                    [90m│ ...[m                                                                            [90m││ ...[m                                                                            [90m│[m
                    [90m│[m                                                                                [90m││[m                                                                                [90m│[m
                    [90m│[m                                                                                [90m││[m                                                                                [90m│[m
                    [90m│[m                                                                                [90m││[m                                                                                [90m│[m
                    [90m│[m                                                                                [90m││[m                                                                                [90m│[m
                    [90m│[m                                                                                [90m││[m                                                                                [90m│[m
                    [90m│[m                                                                                [90m││[m                                                                                [90m│[m
                    [90m│[m                                                                                [90m││[m                                                                                [90m│[m
                    [90m│[m                                                                                [90m││[m                                                                                [90m│╭──────────╮[m
                    [90m│[m                                                                                [90m││[m                                                                                [90m││[m    󰛊     [90m│[m
                    [90m└────────────────────────────────────────────────────────────────────────────────┘└────────────────────────────────────────────────────────────────────────────────┘╰──────────╯[m

 [35;1m󰋝[m  kb  clod  sys  󰅀   [33m󰛊[m  [90m󰍽 󰂑[m      [90m home | [33mbus absent -- mouse fallback[90m | taps: 0, last: long-press @4,1[m                                                                                   [90mmon 12:34[m